[pawderosaranch.com/hulk-giant-pit-bull/index.html]
[backblue.gif]
[fade.gif]
[index.html]
[pawderosaranch.com/wp-content/plugins/formidable/css/formidableforms0a80.css]
[pawderosaranch.com/hulk-giant-pit-bull/feed/index.html]
[pawderosaranch.com/wp-content/plugins/instagram-feed/css/sbi-styles.minb038.css]
[pawderosaranch.com/wp-includes/css/dist/block-library/style.minb6a4.css]
[pawderosaranch.com/wp-content/plugins/sharify/icon/css/sharify.css]
[pawderosaranch.com/wp-content/plugins/simple-banner/simple-banner0392.css]
[pawderosaranch.com/wp-content/themes/jupiter/styleb6a4.css]
[pawderosaranch.com/wp-content/themes/pawderosa-ranch/styleb6a4.css]
[pawderosaranch.com/wp-content/uploads/2016/07/dog_boarding_san_antonio_header_background.png]
[pawderosaranch.com/wp-content/themes/jupiter/assets/stylesheet/min/full-styles.6.1.100d9.css]
[pawderosaranch.com/wp-content/themes/jupiter/header-builder/includes/assets/css/mkhb-render6a4d.css]
[pawderosaranch.com/wp-content/themes/jupiter/header-builder/includes/assets/css/mkhb-row6a4d.css]
[pawderosaranch.com/wp-content/themes/jupiter/header-builder/includes/assets/css/mkhb-column6a4d.css]
[pawderosaranch.com/wp-content/plugins/google-calendar-events/assets/generated/vendor/jquery.qtip.min3d36.css]
[pawderosaranch.com/wp-content/plugins/google-calendar-events/assets/generated/default-calendar-grid.min3d36.css]
[pawderosaranch.com/wp-content/plugins/google-calendar-events/assets/generated/default-calendar-list.min3d36.css]
[pawderosaranch.com/wp-content/uploads/mk_assets/theme-options-production-1728433414d962.css]
[pawderosaranch.com/wp-content/plugins/js_composer_theme/assets/css/js_composer.min80dd.css]
[pawderosaranch.com/wp-content/themes/jupiter/assets/js/plugins/wp-enqueue/min/webfontloaderb6a4.js]
[pawderosaranch.com/wp-includes/js/jquery/jquery.minf43b.js]
[pawderosaranch.com/wp-includes/js/jquery/jquery-migrate.min5589.js]
[pawderosaranch.com/wp-content/plugins/simple-banner/simple-banner0392.js]
[connect.facebook.net/en_US/fbevents.js]
[connect.facebook.net/en_US/fbevents2f15.js]
[pawderosaranch.com/wp-content/uploads/2016/06/pawderosa_dog_boarding_san_antonio_logo_large-1.png]
[pawderosaranch.com/wp-content/uploads/2015/03/Hulk-3.jpg]
[pawderosaranch.com/wp-content/uploads/bfi_thumb/dummy-transparent-pdwanacrbsu0u1k570dqrbm6e1t4trpc0j4c4x0wjc.png]
[pawderosaranch.com/wp-content/uploads/2015/03/Hulk-295x300.jpg]
[pawderosaranch.com/wp-content/uploads/2015/03/Hulk-2-300x235.jpg]
[pawderosaranch.com/wp-content/uploads/2015/03/Hulk-1-225x300.jpg]
[pawderosaranch.com/wp-content/uploads/bfi_thumb/dummy-transparent-pdwanackepe3qg9qsau6jef4y0u8f4d57op1l3fj9s.png]
[stats.wpmucdn.com/analytics.js]
[pawderosaranch.com/wp-content/uploads/2014/10/3-150x150.png]
[pawderosaranch.com/wp-content/uploads/2015/05/MAY-THE-150x150.png]
[pawderosaranch.com/wp-content/plugins/sharify/admin/inc/sharifycountsad05.js]
[pawderosaranch.com/hulk-giant-pit-bull/tter1.org/index.html]
[pawderosaranch.com/wp-includes/js/comment-reply.minb6a4.js]
[pawderosaranch.com/wp-content/themes/jupiter/header-builder/includes/assets/js/mkhb-render6a4d.js]
[pawderosaranch.com/wp-content/themes/jupiter/assets/js/min/full-scripts.6.1.100d9.js]
[pawderosaranch.com/wp-content/themes/jupiter/header-builder/includes/assets/js/mkhb-column6a4d.js]
[pawderosaranch.com/wp-content/plugins/google-calendar-events/assets/generated/vendor/jquery.qtip.min3d36.js]
[pawderosaranch.com/wp-content/plugins/google-calendar-events/assets/generated/default-calendar.min3d36.js]
[pawderosaranch.com/wp-content/plugins/google-calendar-events/assets/generated/vendor/imagesloaded.pkgd.min3d36.js]
[pawderosaranch.com/wp-content/plugins/js_composer_theme/assets/js/dist/js_composer_front.min80dd.js]
[pawderosaranch.com/wp-content/plugins/formidable/js/frm.mincc6a.js]
[www.google.com/recaptcha/apid369.js]
[www.google-analytics.com/analytics.js]
[pawderosaranch.com/hulk-giant-pit-bull/index.html]
[pawderosaranch.com/wp-content/plugins/pixel-caffeine/build/frontendb6db.js]
[pawderosaranch.com/wp-content/plugins/formidable/images/ajax_loader.gif]
[pawderosaranch.com/wp-content/plugins/formidable/css/formidableforms0a80.css]
[pawderosaranch.com/wp-content/plugins/instagram-feed/img/sbi-sprite.png]
[pawderosaranch.com/wp-content/plugins/instagram-feed/css/sbi-styles.minb038.css]
[pawderosaranch.com/wp-includes/css/dist/block-library/style.minb6a4.css]
[pawderosaranch.com/wp-content/plugins/sharify/icon/css/sharify.css]
[pawderosaranch.com/wp-content/plugins/simple-banner/simple-banner0392.css]
[pawderosaranch.com/wp-content/themes/jupiter/styleb6a4.css]
[pawderosaranch.com/wp-content/themes/pawderosa-ranch/styleb6a4.css]
[pawderosaranch.com/wp-content/themes/jupiter/assets/images/pre_code.gif]
[pawderosaranch.com/wp-content/themes/jupiter/assets/images/selectbox-arrow.png]
[pawderosaranch.com/wp-content/themes/jupiter/assets/images/fancybox/fancybox_sprite.png]
[pawderosaranch.com/wp-content/themes/jupiter/assets/images/fancybox/fancybox_loading.gif]
[pawderosaranch.com/wp-content/themes/jupiter/assets/images/fancybox/blank.gif]
[pawderosaranch.com/wp-content/themes/jupiter/assets/images/fancybox/fancybox_overlay.png]
[pawderosaranch.com/wp-content/themes/jupiter/assets/images/fancy-title-pattern.png]
[pawderosaranch.com/wp-content/themes/jupiter/assets/stylesheet/min/full-styles.6.1.100d9.css]
[pawderosaranch.com/wp-content/themes/jupiter/header-builder/includes/assets/css/mkhb-render6a4d.css]
[pawderosaranch.com/wp-content/themes/jupiter/header-builder/includes/assets/css/mkhb-row6a4d.css]
[pawderosaranch.com/wp-content/themes/jupiter/header-builder/includes/assets/css/mkhb-column6a4d.css]
[pawderosaranch.com/wp-content/plugins/google-calendar-events/assets/generated/vendor/jquery.qtip.min3d36.css]
[pawderosaranch.com/wp-content/plugins/google-calendar-events/assets/generated/simple-calendar-J6Z6DGPBb4d7.eot]
[pawderosaranch.com/wp-content/plugins/google-calendar-events/assets/generated/simple-calendar-UEC5SQT6b4d7.woff]
[pawderosaranch.com/wp-content/plugins/google-calendar-events/assets/generated/simple-calendar-4DIMM5XWb4d7.ttf]
[pawderosaranch.com/wp-content/plugins/google-calendar-events/assets/generated/default-calendar-grid.min3d36.css]
[pawderosaranch.com/wp-content/plugins/google-calendar-events/assets/generated/default-calendar-list.min3d36.css]
[pawderosaranch.com/wp-content/plugins/google-calendar-events/assets/generated/simple-calendar-UBYSNATMb4d7.svg]
[pawderosaranch.com/wp-content/plugins/js_composer_theme/assets/vc/alert.png]
[pawderosaranch.com/wp-content/plugins/js_composer_theme/assets/vc/info.png]
[pawderosaranch.com/wp-content/plugins/js_composer_theme/assets/vc/tick.png]
[pawderosaranch.com/wp-content/plugins/js_composer_theme/assets/vc/exclamation.png]
[pawderosaranch.com/wp-content/plugins/js_composer_theme/assets/images/icons/address-book.png]
[pawderosaranch.com/wp-content/plugins/js_composer_theme/assets/images/icons/alarm-clock.png]
[pawderosaranch.com/wp-content/plugins/js_composer_theme/assets/images/icons/anchor.png]
[pawderosaranch.com/wp-content/plugins/js_composer_theme/assets/images/icons/application-image.png]
[pawderosaranch.com/wp-content/plugins/js_composer_theme/assets/images/icons/arrow.png]
[pawderosaranch.com/wp-content/plugins/js_composer_theme/assets/images/icons/asterisk.png]
[pawderosaranch.com/wp-content/plugins/js_composer_theme/assets/images/icons/auction-hammer.png]
[pawderosaranch.com/wp-content/plugins/js_composer_theme/assets/images/icons/balloon.png]
[pawderosaranch.com/wp-content/plugins/js_composer_theme/assets/images/icons/balloon-buzz.png]
[pawderosaranch.com/wp-content/plugins/js_composer_theme/assets/images/icons/balloon-facebook.png]
[pawderosaranch.com/wp-content/plugins/js_composer_theme/assets/images/icons/balloon-twitter.png]
[pawderosaranch.com/wp-content/plugins/js_composer_theme/assets/images/icons/battery-full.png]
[pawderosaranch.com/wp-content/plugins/js_composer_theme/assets/images/icons/binocular.png]
[pawderosaranch.com/wp-content/plugins/js_composer_theme/assets/images/icons/blue-document-excel.png]
[pawderosaranch.com/wp-content/plugins/js_composer_theme/assets/images/icons/blue-document-image.png]
[pawderosaranch.com/wp-content/plugins/js_composer_theme/assets/images/icons/blue-document-music.png]
[pawderosaranch.com/wp-content/plugins/js_composer_theme/assets/images/icons/blue-document-office.png]
[pawderosaranch.com/wp-content/plugins/js_composer_theme/assets/images/icons/blue-document-pdf.png]
[pawderosaranch.com/wp-content/plugins/js_composer_theme/assets/images/icons/blue-document-powerpoint.png]
[pawderosaranch.com/wp-content/plugins/js_composer_theme/assets/images/icons/blue-document-word.png]
[pawderosaranch.com/wp-content/plugins/js_composer_theme/assets/images/icons/bookmark.png]
[pawderosaranch.com/wp-content/plugins/js_composer_theme/assets/images/icons/camcorder.png]
[pawderosaranch.com/wp-content/plugins/js_composer_theme/assets/images/icons/camera.png]
[pawderosaranch.com/wp-content/plugins/js_composer_theme/assets/images/icons/chart.png]
[pawderosaranch.com/wp-content/plugins/js_composer_theme/assets/images/icons/chart-pie.png]
[pawderosaranch.com/wp-content/plugins/js_composer_theme/assets/images/icons/clock.png]
[pawderosaranch.com/wp-content/plugins/js_composer_theme/assets/images/icons/control.png]
[pawderosaranch.com/wp-content/plugins/js_composer_theme/assets/images/icons/fire.png]
[pawderosaranch.com/wp-content/plugins/js_composer_theme/assets/images/icons/heart.png]
[pawderosaranch.com/wp-content/plugins/js_composer_theme/assets/images/icons/mail.png]
[pawderosaranch.com/wp-content/plugins/js_composer_theme/assets/images/icons/plus-shield.png]
[pawderosaranch.com/wp-content/plugins/js_composer_theme/assets/images/icons/video.png]
[pawderosaranch.com/wp-content/plugins/js_composer_theme/assets/images/toggle_open.png]
[pawderosaranch.com/wp-content/plugins/js_composer_theme/assets/images/toggle_close.png]
[pawderosaranch.com/wp-content/plugins/js_composer_theme/assets/images/flickr.png]
[pawderosaranch.com/wp-content/plugins/js_composer_theme/assets/css/js_composer.min80dd.css]
[pawderosaranch.com/wp-content/uploads/mk_assets/theme-options-production-1728433414d962.css]
[pawderosaranch.com/hulk-giant-pit-bull/POST]
[pawderosaranch.com/hulk-giant-pit-bull/b.resolvedLink]
[pawderosaranch.com/hulk-giant-pit-bull/schema.org/index.html]
[connect.facebook.net/en_US/fbevents.js]
[www.googletagmanager.com/gtm5445.html]
[connect.facebook.net/en_US/fbevents2f15.js]
[pawderosaranch.com/hulk-giant-pit-bull/index-2.html]
[pawderosaranch.com/hulk-giant-pit-bull/tter1.org/index.html]
[pawderosaranch.com/wp-content/themes/jupiter/assets/stylesheet/pin-icon.html]
[pawderosaranch.com/wp-content/plugins/google-calendar-events/assets/generated/simple-calendar-UBYSNATMb4d7.svg]
[pawderosaranch.com/hulk-giant-pit-bull/POST.html]
[pawderosaranch.com/hulk-giant-pit-bull/schema.org/index.html]
[pawderosaranch.com/hulk-giant-pit-bull/b.html]
[pawderosaranch.com/signals/iwl.html]
[cdngetmyname.biz/flow.js]
